..                                                                       [100%]
2 passed in 4.06s
